/var/spool/slurmd/job60742859/slurm_script: line 11: cd: /home/sv496/project/GRASSY-Net: No such file or directory

CondaError: Run 'conda init' before 'conda deactivate'

/gpfs/gibbs/project/krishnaswamy_smita/sv496/conda_envs/mfcn/lib/python3.9/site-packages/torchvision/io/image.py:13: UserWarning: Failed to load image Python extension: '/gpfs/gibbs/project/krishnaswamy_smita/sv496/conda_envs/mfcn/lib/python3.9/site-packages/torchvision/image.so: undefined symbol: _ZN3c1017RegisterOperatorsD1Ev'If you don't plan on using image functionality from `torchvision.io`, you can ignore this warning. Otherwise, there might be something wrong with your environment. Did you have `libjpeg` or `libpng` installed before building `torchvision` from source?
  warn(
/gpfs/gibbs/project/krishnaswamy_smita/sv496/conda_envs/mfcn/lib/python3.9/site-packages/transformers/utils/generic.py:311: FutureWarning: `torch.utils._pytree._register_pytree_node` is deprecated. Please use `torch.utils._pytree.register_pytree_node` instead.
  torch.utils._pytree._register_pytree_node(
/gpfs/gibbs/project/krishnaswamy_smita/sv496/conda_envs/mfcn/lib/python3.9/site-packages/transformers/utils/generic.py:311: FutureWarning: `torch.utils._pytree._register_pytree_node` is deprecated. Please use `torch.utils._pytree.register_pytree_node` instead.
  torch.utils._pytree._register_pytree_node(
/gpfs/gibbs/project/krishnaswamy_smita/sv496/conda_envs/mfcn/lib/python3.9/site-packages/torch_geometric/typing.py:18: UserWarning: An issue occurred while importing 'pyg-lib'. Disabling its usage. Stacktrace: /lib64/libm.so.6: version `GLIBC_2.29' not found (required by /gpfs/gibbs/project/krishnaswamy_smita/sv496/conda_envs/mfcn/lib/python3.9/site-packages/libpyg.so)
  warnings.warn(f"An issue occurred while importing 'pyg-lib'. "
/gpfs/gibbs/project/krishnaswamy_smita/sv496/conda_envs/mfcn/lib/python3.9/site-packages/torch_geometric/typing.py:42: UserWarning: An issue occurred while importing 'torch-sparse'. Disabling its usage. Stacktrace: /gpfs/gibbs/project/krishnaswamy_smita/sv496/conda_envs/mfcn/lib/python3.9/site-packages/torch_sparse/_version_cpu.so: undefined symbol: _ZN3c1017RegisterOperatorsD1Ev
  warnings.warn(f"An issue occurred while importing 'torch-sparse'. "
/vast/palmer/pi/krishnaswamy_smita/sv496/GRASSY-Net/datasets/load_ZINC_tranche.py:143: FutureWarning: You are using `torch.load` with `weights_only=False` (the current default value), which uses the default pickle module implicitly. It is possible to construct malicious pickle data which will execute arbitrary code during unpickling (See https://github.com/pytorch/pytorch/blob/main/SECURITY.md#untrusted-models for more details). In a future release, the default value for `weights_only` will be flipped to `True`. This limits the functions that could be executed during unpickling. Arbitrary objects will no longer be allowed to be loaded via this mode unless they are explicitly allowlisted by the user via `torch.serialization.add_safe_globals`. We recommend you start setting `weights_only=True` for any use case where you don't have full control of the loaded file. Please open an issue on GitHub for any issues related to this experimental feature.
  model.load_state_dict(torch.load(scatter_model_name))
Traceback (most recent call last):
  File "/vast/palmer/pi/krishnaswamy_smita/sv496/GRASSY-Net/train_grassy.py", line 71, in <module>
    transform=Scattering(scatter_model_name=f'scripts/trained_models/{TRANCH_NAME}.npy'))
  File "/vast/palmer/pi/krishnaswamy_smita/sv496/GRASSY-Net/datasets/load_ZINC_tranche.py", line 143, in __init__
    model.load_state_dict(torch.load(scatter_model_name))
  File "/gpfs/gibbs/project/krishnaswamy_smita/sv496/conda_envs/mfcn/lib/python3.9/site-packages/torch/serialization.py", line 1097, in load
    return _load(
  File "/gpfs/gibbs/project/krishnaswamy_smita/sv496/conda_envs/mfcn/lib/python3.9/site-packages/torch/serialization.py", line 1525, in _load
    result = unpickler.load()
  File "/gpfs/gibbs/project/krishnaswamy_smita/sv496/conda_envs/mfcn/lib/python3.9/pickle.py", line 1212, in load
    dispatch[key[0]](self)
  File "/gpfs/gibbs/project/krishnaswamy_smita/sv496/conda_envs/mfcn/lib/python3.9/pickle.py", line 1253, in load_binpersid
    self.append(self.persistent_load(pid))
  File "/gpfs/gibbs/project/krishnaswamy_smita/sv496/conda_envs/mfcn/lib/python3.9/site-packages/torch/serialization.py", line 1492, in persistent_load
    typed_storage = load_tensor(dtype, nbytes, key, _maybe_decode_ascii(location))
  File "/gpfs/gibbs/project/krishnaswamy_smita/sv496/conda_envs/mfcn/lib/python3.9/site-packages/torch/serialization.py", line 1466, in load_tensor
    wrap_storage=restore_location(storage, location),
  File "/gpfs/gibbs/project/krishnaswamy_smita/sv496/conda_envs/mfcn/lib/python3.9/site-packages/torch/serialization.py", line 414, in default_restore_location
    result = fn(storage, location)
  File "/gpfs/gibbs/project/krishnaswamy_smita/sv496/conda_envs/mfcn/lib/python3.9/site-packages/torch/serialization.py", line 392, in _deserialize
    return obj.to(device=device)
  File "/gpfs/gibbs/project/krishnaswamy_smita/sv496/conda_envs/mfcn/lib/python3.9/site-packages/torch/storage.py", line 187, in to
    return _to(self, device, non_blocking)
  File "/gpfs/gibbs/project/krishnaswamy_smita/sv496/conda_envs/mfcn/lib/python3.9/site-packages/torch/_utils.py", line 75, in _to
    with device_module.device(device):
  File "/gpfs/gibbs/project/krishnaswamy_smita/sv496/conda_envs/mfcn/lib/python3.9/site-packages/torch/cuda/__init__.py", line 386, in __enter__
    self.prev_idx = torch.cuda._exchange_device(self.idx)
  File "/gpfs/gibbs/project/krishnaswamy_smita/sv496/conda_envs/mfcn/lib/python3.9/site-packages/torch/cuda/__init__.py", line 314, in _lazy_init
    torch._C._cuda_init()
RuntimeError: CUDA unknown error - this may be due to an incorrectly set up environment, e.g. changing env variable CUDA_VISIBLE_DEVICES after program start. Setting the available devices to be zero.
